<View; frame = (x: 0, y: 0, width: 393, height: 852)>
   | <View; name = Pink; frame = (x: 333, y: 20, width: 50, height: 100)>