<View; frame = (minX: 0, y: 0, w: 375, h: 812)>
   | <View; name = Pink; frame = (minX: 0, y: 0, w: 225, h: 100)>
   | <View; name = Yellow; frame = (minX: 251.33, y: 712, w: 123.67, h: 100)>
   | <View; name = Blue; frame = (minX: 125.67, y: 356, w: 123.67, h: 100)>
   | <View; name = Green; frame = (minX: 10, y: 652, w: 73.67, h: 150)>