<UIView; frame = (0 0; 320 568); autoresize = W+H; backgroundColor = UIExtendedSRGBColorSpace 0 1 1 1; layer = <CALayer>>
   | <UIView; frame = (20 20; 280 528); backgroundColor = <UIDynamicModifiedColor; contrast = normal, baseColor = <UIDynamicCatalogSystemColor; name = systemPinkColor>>; layer = <CALayer>>