<View; frame = (0 0; 375 812)>
   | <View "Pink"; frame = (4 20; 281.333 100)>
   | <View "Yellow"; frame = (0 132; 187.667 660)>