<View; frame = (0 0; 375 667)>
   | <View "Pink"; frame = (0 283.667; 100 100)>
   | <View "Yellow"; frame = (275 283.667; 100 100)>