<View; frame = (0 0; 320 568)>
   | <View "Pink"; frame = (110 0; 100 100)>