<View; frame = (minX: 0, y: 0, w: 375, h: 812)>
   | <View; name = Pink; frame = (minX: 0, y: 0, w: 375, h: 812)>
   | <View; name = Yellow; frame = (minX: 40, y: 40, w: 295, h: 732)>