<View; frame = (x: 0.0, y: 0.0, w: 375.0, h: 812.0)>
   | <View; name = Pink; frame = (x: 0.0, y: 0.0, w: 50.0, h: 50.0)>
   | <View; name = Yellow; frame = (x: 325.0, y: 0.0, w: 50.0, h: 50.0)>