<View; frame = (x: 0, y: 0, width: 393, height: 852)>
   | <View; name = Pink; frame = (x: 173, y: 20, width: 200, height: 100)>
   | <View; name = Yellow; frame = (x: 173, y: 732, width: 200, height: 100)>