<View; frame = (x: 0, y: 0, width: 320, height: 568)>
   | <View; name = Pink; frame = (x: 20, y: 20, width: 280, height: 528)>
   | <View; name = Yellow; frame = (x: 60, y: 60, width: 200, height: 448)>