<UIView; frame = (0 0; 375 667); autoresize = W+H; backgroundColor = UIExtendedGrayColorSpace 1 1; layer = <CALayer>>
   | <UIView; frame = (2 20; 373 649); backgroundColor = <UIDynamicModifiedColor; contrast = normal, baseColor = <UIDynamicCatalogSystemColor; name = systemPinkColor>>; layer = <CALayer>>
   | <UIView; frame = (0 657; 0 0); backgroundColor = <UIDynamicModifiedColor; contrast = normal, baseColor = <UIDynamicCatalogSystemColor; name = systemYellowColor>>; layer = <CALayer>>