<View; frame = (minX: 0, y: 0, w: 375, h: 667)>
   | <View; name = Pink; frame = (minX: 4, y: 20, w: 281.33, h: 100)>
   | <View; name = Yellow; frame = (minX: 0, y: 132, w: 187.67, h: 515)>