<View; frame = (x: 0, y: 0, width: 375, height: 667)>
   | <View; name = Pink; frame = (x: 0, y: 20, width: 375, height: 647)>
   | <View; name = Blue; frame = (x: 171.666667, y: 317.666667, width: 32, height: 32)>