<View; frame = (x: 0, y: 0, width: 390, height: 844)>
   | <UIView; frame = (0 0; 390 844); layer = <CALayer>>
   |    | <UILabel; frame = (169.333 47; 51.3333 20.3333); text = 'Layout'; userInteractionEnabled = NO; backgroundColor = UIExtendedGrayColorSpace 0 0; layer = <_UILabelLayer>>
   |    | <UIImageView; frame = (20 118; 350 198.667); opaque = NO; userInteractionEnabled = NO; image = <UIImage symbol "checkmark.circle.fill"; (20 19)@3{2}>; layer = <CALayer>>
   |    | <UIButton; frame = (171.667 367.333; 47 30); opaque = NO; gestureRecognizers = <NSArray>; layer = <CALayer>>
   |    |    | <UIButtonLabel; frame = (0 6; 47 18); text = 'Layout'; opaque = NO; userInteractionEnabled = NO; layer = <_UILabelLayer>>