<View; frame = (x: 0, y: 0, width: 375, height: 667)>
   | <View; name = Pink; frame = (x: 137.666667, y: 283.666667, width: 100, height: 100)>
   | <UILabel; frame = (162 515; 51.3333 20.3333); text = 'Layout'; userInteractionEnabled = NO; backgroundColor = UIExtendedGrayColorSpace 0 0; layer = <_UILabelLayer>>