<View; frame = (x: 0, y: 0, width: 667, height: 375)>
   | <View; name = Pink; frame = (x: 233.666667, y: 0, width: 200, height: 100)>