<View; frame = (x: 0, y: 0, width: 667, height: 375)>
   | <View; name = Pink; frame = (x: 0, y: 0, width: 667, height: 375)>
   | <View; name = Blue; frame = (x: 25, y: 25, width: 617, height: 325)>