<View; frame = (0 0; 320 568)>
   | <View "Pink"; frame = (0 0; 320 568)>
   | <View "Yellow"; frame = (0 0; 320 100)>
   | <View "Blue"; frame = (25 443; 270 100)>
   | <View "Orange"; frame = (50 234; 220 100)>