<View; frame = (x: 0.0, y: 0.0), (w: 375.0, h: 812.0)>
   | <View "Pink"; frame = (x: 0.0, y: 612.0), (w: 100.0, h: 100.0)>
   | <View "Blue"; frame = (x: 275.0, y: 612.0), (w: 100.0, h: 100.0)>