<View; frame = (x: 0.0, y: 0.0, w: 390.0, h: 844.0)>
   | <View; name = Pink; frame = (x: 0.0, y: 744.0, w: 100.0, h: 100.0)>
   | <View; name = Yellow; frame = (x: 190.0, y: 644.0, w: 100.0, h: 100.0)>
   | <View; name = Blue; frame = (x: 100.0, y: 100.0, w: 100.0, h: 100.0)>