<View; frame = (x: 0, y: 0, width: 430, height: 932)>
   | <View; name = Pink; frame = (x: 0, y: 0, width: 75, height: 100)>
   | <View; name = Yellow; frame = (x: 355, y: 0, width: 75, height: 100)>