<View; frame = (x: 0, y: 0, width: 375, height: 812)>
   | <View; name = Pink; frame = (x: 0, y: 0, width: 375, height: 100)>
   | <View; name = Yellow; frame = (x: 50, y: 356, width: 275, height: 100)>
   | <View; name = Blue; frame = (x: 50, y: 712, width: 275, height: 100)>