<View; frame = (x: 0, y: 0, width: 320, height: 568)>
   | <View; name = Pink; frame = (x: 50, y: 100, width: 100, height: 100)>
   | <View; name = Yellow; frame = (x: 170, y: 50, width: 100, height: 100)>
   | <View; name = Blue; frame = (x: 50, y: 368, width: 100, height: 100)>
   | <View; name = Green; frame = (x: 170, y: 418, width: 100, height: 100)>