<View; frame = (x: 0, y: 0, width: 393, height: 852)>
   | <View; name = Pink; frame = (x: 0, y: 388.666667, width: 200, height: 100)>