<UIView; frame = (0 0; 375 812); autoresize = W+H; backgroundColor = UIExtendedGrayColorSpace 1 1; layer = <CALayer>>
   | <UIView; frame = (66 150; 100 100); backgroundColor = UIExtendedSRGBColorSpace 1 0.176471 0.333333 1; layer = <CALayer>>
   | <UIView; frame = (209 100; 100 100); backgroundColor = UIExtendedSRGBColorSpace 1 1 0 1; layer = <CALayer>>
   | <UIView; frame = (66 578; 100 100); backgroundColor = UIExtendedSRGBColorSpace 0 0 1 1; layer = <CALayer>>
   | <UIView; frame = (209 628; 100 100); backgroundColor = UIExtendedSRGBColorSpace 0 1 0 1; layer = <CALayer>>