<View; frame = (x: 0, y: 0, width: 430, height: 932)>
   | <View; name = Pink; frame = (x: 40, y: 69, width: 290, height: 789)>
   | <View; name = Blue; frame = (x: 50, y: 79, width: 270, height: 769)>