<View; frame = (x: 0.0, y: 0.0), (w: 375.0, h: 812.0)>
   | <View "Pink"; frame = (x: 0.0, y: 0.0), (w: 50.0, h: 100.0)>
   | <View "Yellow"; frame = (x: 325.0, y: 0.0), (w: 50.0, h: 100.0)>
   | <View "Blue"; frame = (x: 0.0, y: 712.0), (w: 50.0, h: 100.0)>
   | <View "Green"; frame = (x: 325.0, y: 687.0), (w: 50.0, h: 125.0)>
   | <View "Red"; frame = (x: 162.66666666666666, y: 301.0), (w: 50.0, h: 110.0)>
   | <View "Orange"; frame = (x: 162.66666666666666, y: 411.0), (w: 50.0, h: 90.0)>