<UIView; frame = (0 0; 375 667); autoresize = W+H; backgroundColor = UIExtendedGrayColorSpace 1 1; layer = <CALayer>>
   | <UIView; frame = (16 0; 343 100); backgroundColor = UIExtendedSRGBColorSpace 1 0.176471 0.333333 1; layer = <CALayer>>
   | <UIView; frame = (36 283.667; 303 100); backgroundColor = UIExtendedSRGBColorSpace 0 0 1 1; layer = <CALayer>>
   | <UIView; frame = (56 567; 263 100); backgroundColor = UIExtendedSRGBColorSpace 1 0.5 0 1; layer = <CALayer>>