<View; frame = (x: 0, y: 0, width: 375, height: 812)>
   | <View; name = Pink; frame = (x: 5, y: 44, width: 355, height: 724)>
   | <View; name = Yellow; frame = (x: 50, y: 94, width: 275, height: 634)>