<UIView; frame = (0 0; 375 667); autoresize = W+H; backgroundColor = UIExtendedGrayColorSpace 1 1; layer = <CALayer>>
   | <UIView; frame = (16 20; 343 647); backgroundColor = UIExtendedSRGBColorSpace 1 0.176471 0.333333 1; layer = <CALayer>>
   | <UIView; frame = (41 45; 293 597); backgroundColor = UIExtendedSRGBColorSpace 0 0 1 1; layer = <CALayer>>
   | <UIView; frame = (66 70; 243 547); backgroundColor = UIExtendedSRGBColorSpace 1 0.5 0 1; layer = <CALayer>>