<View; frame = (x: 0, y: 0, width: 393, height: 852)>
   | <View; name = Pink; frame = (x: 16, y: 59, width: 361, height: 759)>
   | <View; name = Blue; frame = (x: 46, y: 79, width: 241, height: 689)>