<View; frame = (x: 0, y: 0, width: 430, height: 932)>
   | <View; name = Pink; frame = (x: 20, y: 59, width: 390, height: 839)>
   | <View; name = Blue; frame = (x: 50, y: 79, width: 270, height: 769)>