<View; frame = (x: 0, y: 0, width: 320, height: 568)>
   | <View; name = Pink; frame = (x: 0, y: 0, width: 50, height: 100)>
   | <View; name = Yellow; frame = (x: 270, y: 0, width: 50, height: 100)>