<View; frame = (minX: 0, y: 0, w: 390, h: 844)>
   | <View; name = Pink; frame = (minX: 0, y: 228.67, w: 200, h: 400)>