<View; frame = (0 0; 375 812)>
   | <View "Pink"; frame = (0 0; 100 100)>
   | <View "Yellow"; frame = (275 0; 100 100)>