<View; frame = (x: 0, y: 0, width: 428, height: 926)>
   | <View; name = Pink; frame = (x: 0, y: 0, width: 75, height: 100)>
   | <View; name = Yellow; frame = (x: 353, y: 0, width: 75, height: 100)>