<View; frame = (x: 0.0, y: 0.0, w: 320.0, h: 568.0)>
   | <View; name = Pink; frame = (x: 0.0, y: 234.0, w: 100.0, h: 100.0)>
   | <View; name = Yellow; frame = (x: 110.0, y: 0.0, w: 100.0, h: 100.0)>
   | <View; name = Blue; frame = (x: 0.0, y: 334.0, w: 100.0, h: 100.0)>
   | <View; name = Green; frame = (x: 190.0, y: 0.0, w: 100.0, h: 100.0)>
   | <View; name = Orange; frame = (x: 0.0, y: 134.0, w: 100.0, h: 100.0)>