<UIView; frame = (0 0; 375 812); autoresize = W+H; backgroundColor = UIExtendedGrayColorSpace 1 1; layer = <CALayer>>
   | <UIView; frame = (5 50; 355 718); backgroundColor = UIExtendedSRGBColorSpace 1 0.176471 0.333333 1; layer = <CALayer>>
   | <UIView; frame = (50 100; 275 628); backgroundColor = UIExtendedSRGBColorSpace 1 1 0 1; layer = <CALayer>>